data/drinksales.csv
STORE,UPC,_FREQ_,_STAT_,MOVE,category,SALE,OK,PRICE,QTY,date,acf_lag1,SaleDummy,SaleBS,Coupon,Buy,Simple,Move1,logMove1
86,4640055081,153,MEAN,3,Soft Drinks,M,1,1.39,1,01DEC1996,-0.227812777,0,0,0,0,0,4,1.3862943611
86,4640055081,153,MEAN,3,Soft Drinks,M,1,1.39,1,08DEC1996,-0.227812777,0,0,0,0,0,4,1.3862943611
86,4640055081,153,MEAN,8,Soft Drinks,B,1,1.31,1,15DEC1996,-0.227812777,1,1,0,1,0,9,2.1972245773
86,4640055081,153,MEAN,27,Soft Drinks,S,1,1.29,1,22DEC1996,-0.227812777,1,1,0,0,1,28,3.3322045102
86,4640055081,153,MEAN,21,Soft Drinks,B,1,1.14,1,29DEC1996,-0.227812777,1,1,0,1,0,22,3.0910424534
86,4640055081,153,MEAN,41,Soft Drinks,B,1,0.99,1,05JAN1997,-0.227812777,1,1,0,1,0,42,3.7376696183
86,4640055081,153,MEAN,8,Soft Drinks,B,1,1.39,1,12JAN1997,-0.227812777,1,1,0,1,0,9,2.1972245773
86,4640055081,153,MEAN,31,Soft Drinks,S,1,1.29,1,19JAN1997,-0.227812777,1,1,0,0,1,32,3.4657359028
86,4640055081,153,MEAN,2,Soft Drinks,S,1,1.39,1,26JAN1997,-0.227812777,1,1,0,0,1,3,1.0986122887
86,4640055081,153,MEAN,11,Soft Drinks,M,1,1.39,1,02FEB1997,-0.227812777,0,0,0,0,0,12,2.4849066498
86,4640055081,153,MEAN,18,Soft Drinks,M,1,1.39,1,09FEB1997,-0.227812777,0,0,0,0,0,19,2.9444389792
86,4640055081,153,MEAN,18,Soft Drinks,M,1,1.39,1,16FEB1997,-0.227812777,0,0,0,0,0,19,2.9444389792
86,4640055081,153,MEAN,19,Soft Drinks,M,1,1.39,1,23FEB1997,-0.227812777,0,0,0,0,0,20,2.9957322736
86,4640055081,153,MEAN,9,Soft Drinks,B,1,1.39,1,02MAR1997,-0.227812777,1,1,0,1,0,10,2.302585093
86,4640055081,153,MEAN,8,Soft Drinks,M,1,1.39,1,09MAR1997,-0.227812777,0,0,0,0,0,9,2.1972245773
86,4640055081,153,MEAN,35,Soft Drinks,B,1,1,1,16MAR1997,-0.227812777,1,1,0,1,0,36,3.5835189385
86,4640055081,153,MEAN,28,Soft Drinks,B,1,0.99,1,23MAR1997,-0.227812777,1,1,0,1,0,29,3.36729583
86,4640055081,153,MEAN,28,Soft Drinks,B,1,0.99,1,30MAR1997,-0.227812777,1,1,0,1,0,29,3.36729583
86,4640055081,153,MEAN,6,Soft Drinks,M,1,1.04,1,06APR1997,-0.227812777,0,0,0,0,0,7,1.9459101491
86,4640055081,153,MEAN,60,Soft Drinks,S,1,1.09,1,13APR1997,-0.227812777,1,1,0,0,1,61,4.1108738642
86,4640055081,153,MEAN,5,Soft Drinks,M,1,1.33,1,20APR1997,-0.227812777,0,0,0,0,0,6,1.7917594692
86,4640055081,153,MEAN,38,Soft Drinks,B,1,1.19,1,27APR1997,-0.227812777,1,1,0,1,0,39,3.6635616461
